---
source: src/lex.rs
expression: "t(b\"\nnormal\n# comment\nnormal again\n#-comment not comment\n#- comment again not comment\na #- [ba ba ba] b\na #- 239084 b\na #- :yeeesldkfj: b\na #- {one, [two], [{three}]} b\na #- {one, #-[two], [{three}]} b\n{heyo, #-baba, owieur} # the ',' is also commented\n{heyo, baba, #-owieur} # the '}' isn't\n#-{ unclosed!..\n\")"
---
Token(Location("<test>", 1..7), Word("normal"))
Token(Location("<test>", 18..24), Word("normal"))
Token(Location("<test>", 25..30), Word("again"))
Token(Location("<test>", 41..44), Word("not"))
Token(Location("<test>", 45..52), Word("comment"))
Token(Location("<test>", 64..69), Word("again"))
Token(Location("<test>", 70..73), Word("not"))
Token(Location("<test>", 74..81), Word("comment"))
Token(Location("<test>", 82..83), Word("a"))
Token(Location("<test>", 98..99), Word("b"))
Token(Location("<test>", 100..101), Word("a"))
Token(Location("<test>", 112..113), Word("b"))
Token(Location("<test>", 114..115), Word("a"))
Token(Location("<test>", 132..133), Word("b"))
Token(Location("<test>", 134..135), Word("a"))
Token(Location("<test>", 163..164), Word("b"))
Token(Location("<test>", 165..166), Word("a"))
Token(Location("<test>", 196..197), Word("b"))
Token(Location("<test>", 198..199), OpenBrace)
Token(Location("<test>", 199..203), Word("heyo"))
Token(Location("<test>", 203..204), Comma)
Token(Location("<test>", 213..219), Word("owieur"))
Token(Location("<test>", 219..220), CloseBrace)
Token(Location("<test>", 249..250), OpenBrace)
Token(Location("<test>", 250..254), Word("heyo"))
Token(Location("<test>", 254..255), Comma)
Token(Location("<test>", 256..260), Word("baba"))
Token(Location("<test>", 260..261), Comma)
Token(Location("<test>", 270..271), CloseBrace)
Token(Location("<test>", 303..303), End)
