---
source: src/parse.rs
expression: "t(b\"-\")"
---
(
    Top {
        uses: [],
        defs: [],
        script: Some(
            Script {
                head: Apply {
                    base: Value(
                        Word {
                            loc: Location(
                                "<test>",
                                0..1,
                            ),
                            word: "-",
                        },
                    ),
                    args: [],
                },
                tail: [],
            },
        ),
    },
    [],
)
