---
source: src/tests.rs
expression: "t(b\"let {a, b} [add a b] [panic::]\")"
---
Ok(
    (
        Func(
            List(
                true,
                Number,
            ),
            Number,
        ),
        Tree {
            loc: Location(
                0,
                0..30,
            ),
            ty: 13,
            value: Apply(
                Bind(
                    List(
                        [
                            Name(
                                Location(
                                    0,
                                    5..6,
                                ),
                                "a",
                            ),
                            Name(
                                Location(
                                    0,
                                    8..9,
                                ),
                                "b",
                            ),
                        ],
                        None,
                    ),
                    Tree {
                        loc: Location(
                            0,
                            11..20,
                        ),
                        ty: 0,
                        value: Apply(
                            Name(
                                "add",
                            ),
                            [
                                Tree {
                                    loc: Location(
                                        0,
                                        16..17,
                                    ),
                                    ty: 4,
                                    value: Apply(
                                        Name(
                                            "a",
                                        ),
                                        [],
                                    ),
                                },
                                Tree {
                                    loc: Location(
                                        0,
                                        18..19,
                                    ),
                                    ty: 6,
                                    value: Apply(
                                        Name(
                                            "b",
                                        ),
                                        [],
                                    ),
                                },
                            ],
                        ),
                    },
                    Tree {
                        loc: Location(
                            0,
                            21..30,
                        ),
                        ty: 11,
                        value: Apply(
                            Name(
                                "panic",
                            ),
                            [
                                Tree {
                                    loc: Location(
                                        0,
                                        27..29,
                                    ),
                                    ty: 1,
                                    value: Bytes(
                                        [],
                                    ),
                                },
                            ],
                        ),
                    },
                ),
                [],
            ),
        },
    ),
)
