---
source: src/parse.rs
expression: "t(b\"use :path: name\")"
---
(
    Top {
        uses: [
            Use {
                loc_use: Location(
                    "<test>",
                    0..3,
                ),
                loc_path: Location(
                    "<test>",
                    4..10,
                ),
                path: "path",
                loc_prefix: Location(
                    "<test>",
                    11..15,
                ),
                prefix: "name",
            },
        ],
        defs: [],
        script: None,
    },
    [],
)
