---
source: src/parse.rs
expression: "t(b\"{repeat 1,, {}}\")"
---
(
    Top {
        uses: [],
        defs: [],
        script: Some(
            Script {
                head: Apply {
                    base: Value(
                        List {
                            loc_open: Location(
                                "<test>",
                                0..1,
                            ),
                            items: [
                                Apply {
                                    base: Value(
                                        Word {
                                            loc: Location(
                                                "<test>",
                                                1..7,
                                            ),
                                            word: "repeat",
                                        },
                                    ),
                                    args: [
                                        Number {
                                            loc: Location(
                                                "<test>",
                                                8..9,
                                            ),
                                            number: 1.0,
                                        },
                                    ],
                                },
                            ],
                            rest: Some(
                                (
                                    Location(
                                        "<test>",
                                        10..11,
                                    ),
                                    Apply {
                                        base: Value(
                                            List {
                                                loc_open: Location(
                                                    "<test>",
                                                    12..13,
                                                ),
                                                items: [],
                                                rest: None,
                                                loc_close: Location(
                                                    "<test>",
                                                    13..14,
                                                ),
                                            },
                                        ),
                                        args: [],
                                    },
                                ),
                            ),
                            loc_close: Location(
                                "<test>",
                                14..15,
                            ),
                        },
                    ),
                    args: [],
                },
                tail: [],
            },
        ),
    },
    [],
)
