---
source: src/lex.rs
expression: "t(b\"oh-no; don't let use be the def of cat!\")"
---
Token(Location("<test>", 0..5), Word("oh-no"))
Token(Location("<test>", 5..6), Unknown(";"))
Token(Location("<test>", 7..10), Word("don"))
Token(Location("<test>", 10..11), Unknown("'"))
Token(Location("<test>", 11..12), Word("t"))
Token(Location("<test>", 13..16), Let)
Token(Location("<test>", 17..20), Use)
Token(Location("<test>", 21..23), Word("be"))
Token(Location("<test>", 24..27), Word("the"))
Token(Location("<test>", 28..31), Def)
Token(Location("<test>", 32..34), Word("of"))
Token(Location("<test>", 35..38), Word("cat"))
Token(Location("<test>", 38..39), Unknown("!"))
Token(Location("<test>", 39..39), End)
