---
source: src/parse.rs
expression: "t(b\"{0,, repeat 1}\")"
---
(
    Top {
        uses: [],
        defs: [],
        script: Some(
            Script {
                head: Apply {
                    base: Value(
                        List {
                            loc_open: Location(
                                "<test>",
                                0..1,
                            ),
                            items: [
                                Apply {
                                    base: Value(
                                        Number {
                                            loc: Location(
                                                "<test>",
                                                1..2,
                                            ),
                                            number: 0.0,
                                        },
                                    ),
                                    args: [],
                                },
                            ],
                            rest: Some(
                                (
                                    Location(
                                        "<test>",
                                        3..4,
                                    ),
                                    Apply {
                                        base: Value(
                                            Word {
                                                loc: Location(
                                                    "<test>",
                                                    5..11,
                                                ),
                                                word: "repeat",
                                            },
                                        ),
                                        args: [
                                            Number {
                                                loc: Location(
                                                    "<test>",
                                                    12..13,
                                                ),
                                                number: 1.0,
                                            },
                                        ],
                                    },
                                ),
                            ),
                            loc_close: Location(
                                "<test>",
                                13..14,
                            ),
                        },
                    ),
                    args: [],
                },
                tail: [],
            },
        ),
    },
    [],
)
