---
source: src/parse.rs
expression: "t(b\"use :path: name]}] def name :desc: 12]}] 42\")"
---
(
    Top {
        uses: [
            Use {
                loc_use: Location(
                    "<test>",
                    0..3,
                ),
                loc_path: Location(
                    "<test>",
                    4..10,
                ),
                path: "path",
                loc_prefix: Location(
                    "<test>",
                    11..15,
                ),
                prefix: "name",
            },
        ],
        defs: [
            Def {
                loc_def: Location(
                    "<test>",
                    19..22,
                ),
                loc_name: Location(
                    "<test>",
                    23..27,
                ),
                name: "name",
                loc_desc: Location(
                    "<test>",
                    28..34,
                ),
                desc: "desc",
                to: Apply {
                    base: Value(
                        Number {
                            loc: Location(
                                "<test>",
                                35..37,
                            ),
                            number: 12.0,
                        },
                    ),
                    args: [],
                },
            },
        ],
        script: Some(
            Script {
                head: Apply {
                    base: Value(
                        Number {
                            loc: Location(
                                "<test>",
                                41..43,
                            ),
                            number: 42.0,
                        },
                    ),
                    args: [],
                },
                tail: [],
            },
        ),
    },
    [
        Error(
            Location(
                "<test>",
                0..3,
            ),
            ContextCaused {
                error: Error(
                    Location(
                        "<test>",
                        15..16,
                    ),
                    Unexpected {
                        token: CloseBracket,
                        expected: "a ',' (because of prior 'use')",
                    },
                ),
                because: Unmatched {
                    open_token: Use,
                },
            },
        ),
        Error(
            Location(
                "<test>",
                19..22,
            ),
            ContextCaused {
                error: Error(
                    Location(
                        "<test>",
                        37..38,
                    ),
                    Unexpected {
                        token: CloseBracket,
                        expected: "a ',' (because of prior 'def')",
                    },
                ),
                because: Unmatched {
                    open_token: Def,
                },
            },
        ),
    ],
)
