---
source: src/parse.rs
expression: "t(b\"let a let b a b a # note: is syntax error\")"
---
(
    Top {
        uses: [],
        defs: [],
        script: Some(
            Script {
                head: Apply {
                    base: Binding {
                        loc_let: Location(
                            "<test>",
                            0..3,
                        ),
                        pat: Word {
                            loc: Location(
                                "<test>",
                                4..5,
                            ),
                            word: "a",
                        },
                        res: Word {
                            loc: Location(
                                "<test>",
                                6..9,
                            ),
                            word: "keyword 'let'",
                        },
                        alt: None,
                    },
                    args: [
                        Word {
                            loc: Location(
                                "<test>",
                                10..11,
                            ),
                            word: "b",
                        },
                        Word {
                            loc: Location(
                                "<test>",
                                12..13,
                            ),
                            word: "a",
                        },
                        Word {
                            loc: Location(
                                "<test>",
                                14..15,
                            ),
                            word: "b",
                        },
                        Word {
                            loc: Location(
                                "<test>",
                                16..17,
                            ),
                            word: "a",
                        },
                    ],
                },
                tail: [],
            },
        ),
    },
    [
        Error(
            Location(
                "<test>",
                6..9,
            ),
            Unexpected {
                token: Let,
                expected: "a value",
            },
        ),
    ],
)
