---
source: src/tests.rs
expression: "t(b\"let a let b a b a\")"
---
Err(
    ErrorList(
        [
            Error(
                Location(
                    0,
                    6..9,
                ),
                Unexpected {
                    token: Let,
                    expected: "a value",
                },
            ),
            Error(
                Location(
                    0,
                    10..11,
                ),
                UnknownName {
                    name: "b",
                    expected_type: Func(
                        Named(
                            "paramof(typeof(let)=typeof(b))=typeof(b)",
                        ),
                        Func(
                            Named(
                                "paramof(returnof(typeof(let)=typeof(b)))=typeof(a)",
                            ),
                            Named(
                                "returnof(returnof(typeof(let)=typeof(b)))",
                            ),
                        ),
                    ),
                },
            ),
            Error(
                Location(
                    0,
                    12..13,
                ),
                UnknownName {
                    name: "a",
                    expected_type: Named(
                        "a=typeof(a)",
                    ),
                },
            ),
            Error(
                Location(
                    0,
                    14..15,
                ),
                UnknownName {
                    name: "b",
                    expected_type: Named(
                        "paramof(typeof(let)=typeof(b))=typeof(b)",
                    ),
                },
            ),
            Error(
                Location(
                    0,
                    16..17,
                ),
                UnknownName {
                    name: "a",
                    expected_type: Named(
                        "paramof(returnof(typeof(let)=typeof(b)))=typeof(a)",
                    ),
                },
            ),
        ],
    ),
)
