---
source: src/parse.rs
expression: "t(b\"- 2\")"
---
(
    Top {
        uses: [],
        defs: [],
        script: Some(
            Script {
                head: Apply {
                    base: Value(
                        Word {
                            loc: Location(
                                0,
                                0..1,
                            ),
                            word: "-",
                        },
                    ),
                    args: [
                        Number {
                            loc: Location(
                                0,
                                2..3,
                            ),
                            number: 2.0,
                        },
                    ],
                },
                tail: [],
            },
        ),
    },
    [],
)
