---
source: src/parse.rs
expression: "t(b\"a=b=c\")"
---
(
    Top {
        uses: [],
        defs: [],
        script: Some(
            Script {
                head: Apply {
                    base: Value(
                        Pair {
                            fst: Word {
                                loc: Location(
                                    0,
                                    0..1,
                                ),
                                word: "a",
                            },
                            loc_equal: Location(
                                0,
                                1..2,
                            ),
                            snd: Pair {
                                fst: Word {
                                    loc: Location(
                                        0,
                                        2..3,
                                    ),
                                    word: "b",
                                },
                                loc_equal: Location(
                                    0,
                                    3..4,
                                ),
                                snd: Word {
                                    loc: Location(
                                        0,
                                        4..5,
                                    ),
                                    word: "c",
                                },
                            },
                        },
                    ),
                    args: [],
                },
                tail: [],
            },
        ),
    },
    [],
)
