---
source: src/tests.rs
expression: "t(b\"let a [let b a [panic: unreachable:]] [panic: unreachable:]\")"
---
Ok(
    (
        Func(
            Named(
                "a=a",
            ),
            Func(
                Named(
                    "b",
                ),
                Named(
                    "a=a",
                ),
            ),
        ),
        Tree {
            loc: Location(
                0,
                0..59,
            ),
            ty: 10,
            value: Apply(
                Bind(
                    Name(
                        Location(
                            0,
                            4..5,
                        ),
                        "a",
                    ),
                    Tree {
                        loc: Location(
                            0,
                            6..37,
                        ),
                        ty: 7,
                        value: Apply(
                            Bind(
                                Name(
                                    Location(
                                        0,
                                        11..12,
                                    ),
                                    "b",
                                ),
                                Tree {
                                    loc: Location(
                                        0,
                                        13..14,
                                    ),
                                    ty: 3,
                                    value: Apply(
                                        Name(
                                            "a",
                                        ),
                                        [],
                                    ),
                                },
                                Tree {
                                    loc: Location(
                                        0,
                                        15..36,
                                    ),
                                    ty: 5,
                                    value: Apply(
                                        Name(
                                            "panic",
                                        ),
                                        [
                                            Tree {
                                                loc: Location(
                                                    0,
                                                    21..35,
                                                ),
                                                ty: 1,
                                                value: Bytes(
                                                    [
                                                        32,
                                                        117,
                                                        110,
                                                        114,
                                                        101,
                                                        97,
                                                        99,
                                                        104,
                                                        97,
                                                        98,
                                                        108,
                                                        101,
                                                    ],
                                                ),
                                            },
                                        ],
                                    ),
                                },
                            ),
                            [],
                        ),
                    },
                    Tree {
                        loc: Location(
                            0,
                            38..59,
                        ),
                        ty: 8,
                        value: Apply(
                            Name(
                                "panic",
                            ),
                            [
                                Tree {
                                    loc: Location(
                                        0,
                                        44..58,
                                    ),
                                    ty: 1,
                                    value: Bytes(
                                        [
                                            32,
                                            117,
                                            110,
                                            114,
                                            101,
                                            97,
                                            99,
                                            104,
                                            97,
                                            98,
                                            108,
                                            101,
                                        ],
                                    ),
                                },
                            ],
                        ),
                    },
                ),
                [],
            ),
        },
    ),
)
