---
source: src/parse.rs
expression: "t(b\"let 0=a a :ok:\")"
---
(
    Top {
        uses: [],
        defs: [],
        script: Some(
            Script {
                head: Apply {
                    base: Binding {
                        loc_let: Location(
                            "<test>",
                            0..3,
                        ),
                        pat: Pair {
                            fst: Number {
                                loc: Location(
                                    "<test>",
                                    4..5,
                                ),
                                number: 0.0,
                            },
                            loc_equal: Location(
                                "<test>",
                                5..6,
                            ),
                            snd: Word {
                                loc: Location(
                                    "<test>",
                                    6..7,
                                ),
                                word: "a",
                            },
                        },
                        res: Word {
                            loc: Location(
                                "<test>",
                                8..9,
                            ),
                            word: "a",
                        },
                        alt: Some(
                            Bytes {
                                loc: Location(
                                    "<test>",
                                    10..14,
                                ),
                                bytes: [
                                    111,
                                    107,
                                ],
                            },
                        ),
                    },
                    args: [],
                },
                tail: [],
            },
        ),
    },
    [],
)
