---
source: src/parse.rs
expression: "t(b\"[tonum, add234121, tostr] :13242:\")"
---
(
    Top {
        uses: [],
        defs: [],
        script: Some(
            Script {
                head: Apply {
                    base: Value(
                        Subscr {
                            loc_open: Location(
                                0,
                                0..1,
                            ),
                            subscr: Script {
                                head: Apply {
                                    base: Value(
                                        Word {
                                            loc: Location(
                                                0,
                                                1..6,
                                            ),
                                            word: "tonum",
                                        },
                                    ),
                                    args: [],
                                },
                                tail: [
                                    (
                                        Location(
                                            0,
                                            6..7,
                                        ),
                                        Apply {
                                            base: Value(
                                                Word {
                                                    loc: Location(
                                                        0,
                                                        8..11,
                                                    ),
                                                    word: "add",
                                                },
                                            ),
                                            args: [
                                                Number {
                                                    loc: Location(
                                                        0,
                                                        11..17,
                                                    ),
                                                    number: 234121.0,
                                                },
                                            ],
                                        },
                                    ),
                                    (
                                        Location(
                                            0,
                                            17..18,
                                        ),
                                        Apply {
                                            base: Value(
                                                Word {
                                                    loc: Location(
                                                        0,
                                                        19..24,
                                                    ),
                                                    word: "tostr",
                                                },
                                            ),
                                            args: [],
                                        },
                                    ),
                                ],
                            },
                            loc_close: Location(
                                0,
                                24..25,
                            ),
                        },
                    ),
                    args: [
                        Bytes {
                            loc: Location(
                                0,
                                26..33,
                            ),
                            bytes: [
                                49,
                                51,
                                50,
                                52,
                                50,
                            ],
                        },
                    ],
                },
                tail: [],
            },
        ),
    },
    [],
)
