---
source: src/check.rs
expression: "t(b\"{1, 2, 3}\")"
---
(
    Tree {
        ty: List(
            false,
            Named(
                "a",
                RefCell {
                    value: Some(
                        Number,
                    ),
                },
            ),
        ),
        val: Apply(
            Tree {
                ty: Func(
                    List(
                        false,
                        Named(
                            "a",
                            RefCell {
                                value: Some(
                                    Number,
                                ),
                            },
                        ),
                    ),
                    Func(
                        Named(
                            "a",
                            RefCell {
                                value: Some(
                                    Number,
                                ),
                            },
                        ),
                        List(
                            false,
                            Named(
                                "a",
                                RefCell {
                                    value: Some(
                                        Number,
                                    ),
                                },
                            ),
                        ),
                    ),
                ),
                val: Word(
                    "snoc",
                    Fundamental(
                        Snoc,
                    ),
                ),
            },
            [
                Tree {
                    ty: List(
                        false,
                        Named(
                            "a",
                            RefCell {
                                value: Some(
                                    Number,
                                ),
                            },
                        ),
                    ),
                    val: Apply(
                        Tree {
                            ty: Func(
                                List(
                                    false,
                                    Named(
                                        "a",
                                        RefCell {
                                            value: Some(
                                                Number,
                                            ),
                                        },
                                    ),
                                ),
                                Func(
                                    Named(
                                        "a",
                                        RefCell {
                                            value: Some(
                                                Number,
                                            ),
                                        },
                                    ),
                                    List(
                                        false,
                                        Named(
                                            "a",
                                            RefCell {
                                                value: Some(
                                                    Number,
                                                ),
                                            },
                                        ),
                                    ),
                                ),
                            ),
                            val: Word(
                                "snoc",
                                Fundamental(
                                    Snoc,
                                ),
                            ),
                        },
                        [
                            Tree {
                                ty: List(
                                    false,
                                    Named(
                                        "a",
                                        RefCell {
                                            value: Some(
                                                Named(
                                                    "a=item",
                                                    RefCell {
                                                        value: Some(
                                                            Number,
                                                        ),
                                                    },
                                                ),
                                            ),
                                        },
                                    ),
                                ),
                                val: Apply(
                                    Tree {
                                        ty: Func(
                                            List(
                                                false,
                                                Named(
                                                    "a",
                                                    RefCell {
                                                        value: Some(
                                                            Named(
                                                                "a=item",
                                                                RefCell {
                                                                    value: Some(
                                                                        Number,
                                                                    ),
                                                                },
                                                            ),
                                                        ),
                                                    },
                                                ),
                                            ),
                                            Func(
                                                Named(
                                                    "a",
                                                    RefCell {
                                                        value: Some(
                                                            Named(
                                                                "a=item",
                                                                RefCell {
                                                                    value: Some(
                                                                        Number,
                                                                    ),
                                                                },
                                                            ),
                                                        ),
                                                    },
                                                ),
                                                List(
                                                    false,
                                                    Named(
                                                        "a",
                                                        RefCell {
                                                            value: Some(
                                                                Named(
                                                                    "a=item",
                                                                    RefCell {
                                                                        value: Some(
                                                                            Number,
                                                                        ),
                                                                    },
                                                                ),
                                                            ),
                                                        },
                                                    ),
                                                ),
                                            ),
                                        ),
                                        val: Word(
                                            "snoc",
                                            Fundamental(
                                                Snoc,
                                            ),
                                        ),
                                    },
                                    [
                                        Tree {
                                            ty: List(
                                                true,
                                                Named(
                                                    "item",
                                                    RefCell {
                                                        value: Some(
                                                            Named(
                                                                "a=item",
                                                                RefCell {
                                                                    value: Some(
                                                                        Number,
                                                                    ),
                                                                },
                                                            ),
                                                        ),
                                                    },
                                                ),
                                            ),
                                            val: List,
                                        },
                                        Tree {
                                            ty: Number,
                                            val: Number(
                                                3.0,
                                            ),
                                        },
                                    ],
                                ),
                            },
                            Tree {
                                ty: Number,
                                val: Number(
                                    2.0,
                                ),
                            },
                        ],
                    ),
                },
                Tree {
                    ty: Number,
                    val: Number(
                        1.0,
                    ),
                },
            ],
        ),
    },
    [],
)
