---
source: src/lex.rs
expression: "t(b\"42 :*: 0x2a 0b101010 0o52 2974382.92438732 1.\")"
---
Token(Location("<test>", 0..2), Number(42.0))
Token(Location("<test>", 3..6), Bytes([42]))
Token(Location("<test>", 7..11), Number(42.0))
Token(Location("<test>", 12..20), Number(42.0))
Token(Location("<test>", 21..25), Number(42.0))
Token(Location("<test>", 26..42), Number(2974382.92438732))
Token(Location("<test>", 43..46), Unknown("1."))
Token(Location("<test>", 46..46), End)
