---
source: src/parse.rs
expression: "t(b\"a=b\")"
---
(
    Top {
        uses: [],
        defs: [],
        script: Some(
            Script {
                head: Apply {
                    base: Value(
                        Pair {
                            fst: Word {
                                loc: Location(
                                    "<test>",
                                    0..1,
                                ),
                                word: "a",
                            },
                            loc_equal: Location(
                                "<test>",
                                1..2,
                            ),
                            snd: Word {
                                loc: Location(
                                    "<test>",
                                    2..3,
                                ),
                                word: "b",
                            },
                        },
                    ),
                    args: [],
                },
                tail: [],
            },
        ),
    },
    [],
)
