---
source: src/tests.rs
expression: "t(b\"repeat 1, let {h,, t} t [panic::]\")"
---
Ok(
    (
        List(
            false,
            Number,
        ),
        Tree {
            loc: Location(
                0,
                10..33,
            ),
            ty: 10,
            value: Apply(
                Bind(
                    List(
                        [
                            Name(
                                Location(
                                    0,
                                    15..16,
                                ),
                                "h",
                            ),
                        ],
                        Some(
                            (
                                Location(
                                    0,
                                    19..20,
                                ),
                                "t",
                            ),
                        ),
                    ),
                    Tree {
                        loc: Location(
                            0,
                            22..23,
                        ),
                        ty: 10,
                        value: Apply(
                            Name(
                                "t",
                            ),
                            [],
                        ),
                    },
                    Tree {
                        loc: Location(
                            0,
                            24..33,
                        ),
                        ty: 11,
                        value: Apply(
                            Name(
                                "panic",
                            ),
                            [
                                Tree {
                                    loc: Location(
                                        0,
                                        30..32,
                                    ),
                                    ty: 1,
                                    value: Bytes(
                                        [],
                                    ),
                                },
                            ],
                        ),
                    },
                ),
                [
                    Tree {
                        loc: Location(
                            0,
                            0..8,
                        ),
                        ty: 5,
                        value: Apply(
                            Name(
                                "repeat",
                            ),
                            [
                                Tree {
                                    loc: Location(
                                        0,
                                        7..8,
                                    ),
                                    ty: 0,
                                    value: Number(
                                        1.0,
                                    ),
                                },
                            ],
                        ),
                    },
                ],
            ),
        },
    ),
)
